
> vite-app@0.0.1 lint
> eslint .


/home/runner/work/client_dashbourd/client_dashbourd/src/components/pages/addons/AddonPlanDialog.tsx
  154:5  error  Error: Calling setState synchronously within an effect can trigger cascading renders

Effects are intended to synchronize state between React and external systems such as manually updating the DOM, state management libraries, or other platform APIs. In general, the body of an effect should do one or both of the following:
* Update external systems with the latest state from React.
* Subscribe for updates from some external system, calling setState in a callback function when external state changes.

Calling setState synchronously within an effect body causes cascading renders that can hurt performance, and is not recommended. (https://react.dev/learn/you-might-not-need-an-effect).

/home/runner/work/client_dashbourd/client_dashbourd/src/components/pages/addons/AddonPlanDialog.tsx:154:5
  152 |       form: planToForm(plan, basePlans),
  153 |     });
> 154 |     setProductSearch("");
      |     ^^^^^^^^^^^^^^^^ Avoid calling setState() directly within an effect
  155 |     setProductCategoryFilter("all");
  156 |     lastResetKeyRef.current = resetKey;
  157 |   }, [basePlans, open, plan, resetKey]);  react-hooks/set-state-in-effect

/home/runner/work/client_dashbourd/client_dashbourd/src/components/pages/menu/meal-builder/MealPlannerBuilderGroupSelector.tsx
  135:17  error  Fast refresh only works when a file only exports components. Use a new file to share constants or functions between components  react-refresh/only-export-components
  149:17  error  Fast refresh only works when a file only exports components. Use a new file to share constants or functions between components  react-refresh/only-export-components

/home/runner/work/client_dashbourd/client_dashbourd/src/components/pages/menu/meal-builder/MealPlannerCandidatePickerV2.tsx
  360:10  error  'candidateMeta' is defined but never used  @typescript-eslint/no-unused-vars

/home/runner/work/client_dashbourd/client_dashbourd/tests/mealPlannerAuthoritativeOptionGroups.test.tsx
  263:35  error  '_payload' is defined but never used  @typescript-eslint/no-unused-vars

✖ 5 problems (5 errors, 0 warnings)

exit_code=1
